// Jest Snapshot v1, https://goo.gl/fbAQLP

exports[`Testing checkbox component should match snapshot 1`] = `
<label
  className="checkbox"
>
  <span
    className="checkbox__box checkbox__box--small checkbox__box--active checkbox__box--primary"
    tabIndex={0}
  />
  <input
    checked={true}
    onChange={[MockFunction]}
    tabIndex={-1}
    type="checkbox"
  />
  test-checkbox
</label>
`;
